CUDA OK: NVIDIA H200 NVL
============================================
  MEXA Bible Full (all langs, sPBC) — Glot500-base
  Model:   cis-lmu/glot500-base
============================================
1. Extracting Embeddings...
Using device: cuda
2. Computing MEXA alignments...
3. Formatting Results for the Dashboard...

==================================================
  scores — cis-lmu/glot500-base
  Languages evaluated: 1401
  µ_Max  = 0.0995
  µ_Mean = 0.0429
==================================================

Saved to ../../dashboard/public/data/bible_glot500_results.csv
4. Computing 2D Projections...
Loading embeddings from ./embeddings...
Loaded 1401 languages, 13 layers
Computing projections (2D + 3D)...
  Layer 0/12 done (PCA 2D: 24.6%, 3D: 29.4%)
  Layer 1/12 done (PCA 2D: 21.3%, 3D: 25.8%)
  Layer 2/12 done (PCA 2D: 24.0%, 3D: 28.7%)
  Layer 3/12 done (PCA 2D: 29.5%, 3D: 34.6%)
  Layer 4/12 done (PCA 2D: 34.2%, 3D: 39.0%)
  Layer 5/12 done (PCA 2D: 37.7%, 3D: 42.5%)
  Layer 6/12 done (PCA 2D: 38.9%, 3D: 43.6%)
  Layer 7/12 done (PCA 2D: 42.8%, 3D: 47.5%)
  Layer 8/12 done (PCA 2D: 44.1%, 3D: 48.7%)
  Layer 9/12 done (PCA 2D: 43.1%, 3D: 47.9%)
  Layer 10/12 done (PCA 2D: 37.3%, 3D: 42.3%)
  Layer 11/12 done (PCA 2D: 29.8%, 3D: 34.7%)
  Layer 12/12 done (PCA 2D: 24.5%, 3D: 29.2%)
Saved projections to ../../dashboard/public/data/projections_bible_glot500.json
Job Finished Successfully!
