CUDA OK: NVIDIA H100 NVL
============================================
  MEXA Table 1 (116 langs) — Apertus 8B
  Model:   swiss-ai/Apertus-8B-2509
  Dataset: FLORES-200 (116 langs, 2000 sents)
  Pooling: max + mean
============================================
1. Extracting Embeddings...
Using device: cuda
2. Computing MEXA alignments...
3. Formatting Results for the Dashboard...

==================================================
  scores — swiss-ai/Apertus-8B-2509
  Languages evaluated: 110
  µ_Max  = 0.2827
  µ_Mean = 0.1176
==================================================

Saved to ../../dashboard/public/data/flores_table1_2000_apertus8b_results.csv
4. Computing 2D Projections...
Loading embeddings from ./embeddings...
Loaded 110 languages, 33 layers
Computing projections (2D + 3D)...
  Layer 0/32 done (PCA 2D: 33.7%, 3D: 41.3%)
  Layer 1/32 done (PCA 2D: 43.7%, 3D: 55.2%)
  Layer 2/32 done (PCA 2D: 71.5%, 3D: 74.8%)
  Layer 3/32 done (PCA 2D: 100.0%, 3D: 100.0%)
  Layer 4/32 done (PCA 2D: 100.0%, 3D: 100.0%)
  Layer 5/32 done (PCA 2D: 100.0%, 3D: 100.0%)
  Layer 6/32 done (PCA 2D: 100.0%, 3D: 100.0%)
  Layer 7/32 done (PCA 2D: 99.9%, 3D: 99.9%)
  Layer 8/32 done (PCA 2D: 99.8%, 3D: 99.9%)
  Layer 9/32 done (PCA 2D: 99.8%, 3D: 99.9%)
  Layer 10/32 done (PCA 2D: 99.7%, 3D: 99.8%)
  Layer 11/32 done (PCA 2D: 99.6%, 3D: 99.7%)
  Layer 12/32 done (PCA 2D: 99.5%, 3D: 99.6%)
  Layer 13/32 done (PCA 2D: 99.2%, 3D: 99.4%)
  Layer 14/32 done (PCA 2D: 98.6%, 3D: 99.0%)
  Layer 15/32 done (PCA 2D: 97.9%, 3D: 98.6%)
  Layer 16/32 done (PCA 2D: 95.2%, 3D: 96.4%)
  Layer 17/32 done (PCA 2D: 92.1%, 3D: 93.9%)
  Layer 18/32 done (PCA 2D: 76.8%, 3D: 79.6%)
  Layer 19/32 done (PCA 2D: 68.6%, 3D: 72.0%)
  Layer 20/32 done (PCA 2D: 61.3%, 3D: 65.4%)
  Layer 21/32 done (PCA 2D: 51.3%, 3D: 57.0%)
  Layer 22/32 done (PCA 2D: 41.8%, 3D: 47.4%)
  Layer 23/32 done (PCA 2D: 37.0%, 3D: 43.3%)
  Layer 24/32 done (PCA 2D: 25.7%, 3D: 32.0%)
  Layer 25/32 done (PCA 2D: 24.9%, 3D: 29.8%)
  Layer 26/32 done (PCA 2D: 23.8%, 3D: 28.6%)
  Layer 27/32 done (PCA 2D: 22.5%, 3D: 27.2%)
  Layer 28/32 done (PCA 2D: 19.0%, 3D: 23.6%)
  Layer 29/32 done (PCA 2D: 19.8%, 3D: 24.0%)
  Layer 30/32 done (PCA 2D: 20.5%, 3D: 24.8%)
  Layer 31/32 done (PCA 2D: 21.6%, 3D: 26.5%)
  Layer 32/32 done (PCA 2D: 71.0%, 3D: 77.8%)
Saved projections to ../../dashboard/public/data/projections_flores_table1_2000_apertus8b.json
Job Finished Successfully!
