============================================
  MEXA Table 1 (Bible) — XLM-RoBERTa base
  Languages: 101 (Belebele overlap)
  Model:     FacebookAI/xlm-roberta-base
============================================
1. Extracting Embeddings...
Using device: cuda
2. Computing MEXA alignments...
3. Formatting Results for the Dashboard...

==================================================
  scores — FacebookAI/xlm-roberta-base
  Languages evaluated: 101
  µ_Max  = 0.3052
  µ_Mean = 0.1620
==================================================

Saved to ../../dashboard/public/data/bible_table1_xlmr_base_results.csv
4. Computing 2D Projections...
Loading embeddings from ./embeddings...
Loaded 101 languages, 13 layers
Computing projections (2D + 3D)...
  Layer 0/12 done (PCA 2D: 33.3%, 3D: 41.7%)
  Layer 1/12 done (PCA 2D: 39.4%, 3D: 47.9%)
  Layer 2/12 done (PCA 2D: 42.9%, 3D: 51.7%)
  Layer 3/12 done (PCA 2D: 45.4%, 3D: 55.7%)
  Layer 4/12 done (PCA 2D: 49.0%, 3D: 60.4%)
  Layer 5/12 done (PCA 2D: 51.5%, 3D: 63.6%)
  Layer 6/12 done (PCA 2D: 49.1%, 3D: 60.4%)
  Layer 7/12 done (PCA 2D: 51.0%, 3D: 62.8%)
  Layer 8/12 done (PCA 2D: 53.0%, 3D: 63.5%)
  Layer 9/12 done (PCA 2D: 54.9%, 3D: 65.7%)
  Layer 10/12 done (PCA 2D: 50.3%, 3D: 58.7%)
  Layer 11/12 done (PCA 2D: 48.7%, 3D: 56.6%)
  Layer 12/12 done (PCA 2D: 37.4%, 3D: 45.2%)
Saved projections to ../../dashboard/public/data/projections_bible_table1_xlmr_base.json
Job Finished Successfully!
