CUDA OK: NVIDIA H200 NVL
============================================
  MEXA FLORES Full (204 langs, 2000 sents) — Glot500-base
  Model:   cis-lmu/glot500-base
============================================
1. Extracting Embeddings...
Using device: cuda
2. Computing MEXA alignments...
3. Formatting Results for the Dashboard...

==================================================
  scores — cis-lmu/glot500-base
  Languages evaluated: 204
  µ_Max  = 0.3791
  µ_Mean = 0.2249
==================================================

Saved to ../../dashboard/public/data/full_flores_glot500_results.csv
4. Computing 2D Projections...
Loading embeddings from ./embeddings...
Loaded 204 languages, 13 layers
Computing projections (2D + 3D)...
  Layer 0/12 done (PCA 2D: 34.2%, 3D: 41.1%)
  Layer 1/12 done (PCA 2D: 26.2%, 3D: 31.9%)
  Layer 2/12 done (PCA 2D: 27.2%, 3D: 33.7%)
  Layer 3/12 done (PCA 2D: 30.5%, 3D: 38.5%)
  Layer 4/12 done (PCA 2D: 32.4%, 3D: 41.9%)
  Layer 5/12 done (PCA 2D: 33.8%, 3D: 43.3%)
  Layer 6/12 done (PCA 2D: 34.9%, 3D: 44.4%)
  Layer 7/12 done (PCA 2D: 37.9%, 3D: 47.7%)
  Layer 8/12 done (PCA 2D: 37.1%, 3D: 46.6%)
  Layer 9/12 done (PCA 2D: 38.0%, 3D: 47.7%)
  Layer 10/12 done (PCA 2D: 30.2%, 3D: 38.0%)
  Layer 11/12 done (PCA 2D: 25.7%, 3D: 32.7%)
  Layer 12/12 done (PCA 2D: 23.2%, 3D: 30.4%)
Saved projections to ../../dashboard/public/data/projections_full_flores_glot500.json
Job Finished Successfully!
