CUDA OK: NVIDIA H200 NVL
============================================
  MEXA FLORES Table 1 (116 langs, 100 sents) — multilingual-e5-base
  Model:   intfloat/multilingual-e5-base
============================================
1. Extracting Embeddings...
Using device: cuda
2. Computing MEXA alignments...
3. Formatting Results for the Dashboard...

==================================================
  scores — intfloat/multilingual-e5-base
  Languages evaluated: 110
  µ_Max  = 0.9713
  µ_Mean = 0.5415
==================================================

Saved to ../../dashboard/public/data/flores_table1_100_me5_base_results.csv
4. Computing 2D Projections...
Loading embeddings from ./embeddings...
Loaded 110 languages, 13 layers
Computing projections (2D + 3D)...
  Layer 0/12 done (PCA 2D: 30.5%, 3D: 37.7%)
  Layer 1/12 done (PCA 2D: 30.4%, 3D: 36.2%)
  Layer 2/12 done (PCA 2D: 33.4%, 3D: 39.5%)
  Layer 3/12 done (PCA 2D: 37.2%, 3D: 44.7%)
  Layer 4/12 done (PCA 2D: 37.2%, 3D: 45.7%)
  Layer 5/12 done (PCA 2D: 37.6%, 3D: 46.9%)
  Layer 6/12 done (PCA 2D: 33.9%, 3D: 43.9%)
  Layer 7/12 done (PCA 2D: 37.8%, 3D: 48.3%)
  Layer 8/12 done (PCA 2D: 38.3%, 3D: 47.5%)
  Layer 9/12 done (PCA 2D: 41.1%, 3D: 50.6%)
  Layer 10/12 done (PCA 2D: 37.2%, 3D: 47.0%)
  Layer 11/12 done (PCA 2D: 40.9%, 3D: 50.1%)
  Layer 12/12 done (PCA 2D: 26.8%, 3D: 36.1%)
Saved projections to ../../dashboard/public/data/projections_flores_table1_100_me5_base.json
Job Finished Successfully!
