CUDA OK: NVIDIA H100 NVL
============================================
  MEXA FLORES Table 1 (116 langs, 2000 sents) — Glot500-base
  Model:   cis-lmu/glot500-base
============================================
1. Extracting Embeddings...
Using device: cuda
2. Computing MEXA alignments...
3. Formatting Results for the Dashboard...

==================================================
  scores — cis-lmu/glot500-base
  Languages evaluated: 110
  µ_Max  = 0.4876
  µ_Mean = 0.2944
==================================================

Saved to ../../dashboard/public/data/flores_table1_2000_glot500_results.csv
4. Computing 2D Projections...
Loading embeddings from ./embeddings...
Loaded 110 languages, 13 layers
Computing projections (2D + 3D)...
  Layer 0/12 done (PCA 2D: 32.1%, 3D: 39.1%)
  Layer 1/12 done (PCA 2D: 27.0%, 3D: 32.6%)
  Layer 2/12 done (PCA 2D: 28.2%, 3D: 33.5%)
  Layer 3/12 done (PCA 2D: 31.2%, 3D: 36.9%)
  Layer 4/12 done (PCA 2D: 32.3%, 3D: 38.8%)
  Layer 5/12 done (PCA 2D: 33.1%, 3D: 39.7%)
  Layer 6/12 done (PCA 2D: 34.3%, 3D: 40.9%)
  Layer 7/12 done (PCA 2D: 37.4%, 3D: 44.1%)
  Layer 8/12 done (PCA 2D: 36.4%, 3D: 43.0%)
  Layer 9/12 done (PCA 2D: 37.6%, 3D: 44.1%)
  Layer 10/12 done (PCA 2D: 29.5%, 3D: 34.9%)
  Layer 11/12 done (PCA 2D: 26.5%, 3D: 31.5%)
  Layer 12/12 done (PCA 2D: 22.0%, 3D: 26.4%)
Saved projections to ../../dashboard/public/data/projections_flores_table1_2000_glot500.json
Job Finished Successfully!
