============================================
  MEXA Table 1 (Bible) — XLM-RoBERTa large
  Languages: 101 (Belebele overlap)
  Model:     FacebookAI/xlm-roberta-large
============================================
1. Extracting Embeddings...
Using device: cuda
2. Computing MEXA alignments...
3. Formatting Results for the Dashboard...

==================================================
  scores — FacebookAI/xlm-roberta-large
  Languages evaluated: 101
  µ_Max  = 0.4084
  µ_Mean = 0.1922
==================================================

Saved to ../../dashboard/public/data/bible_table1_xlmr_large_results.csv
4. Computing 2D Projections...
Loading embeddings from ./embeddings...
Loaded 101 languages, 25 layers
Computing projections (2D + 3D)...
  Layer 0/24 done (PCA 2D: 36.3%, 3D: 46.4%)
  Layer 1/24 done (PCA 2D: 35.9%, 3D: 44.6%)
  Layer 2/24 done (PCA 2D: 36.2%, 3D: 45.0%)
  Layer 3/24 done (PCA 2D: 35.1%, 3D: 44.6%)
  Layer 4/24 done (PCA 2D: 34.9%, 3D: 43.8%)
  Layer 5/24 done (PCA 2D: 35.6%, 3D: 44.3%)
  Layer 6/24 done (PCA 2D: 37.0%, 3D: 45.3%)
  Layer 7/24 done (PCA 2D: 41.0%, 3D: 49.5%)
  Layer 8/24 done (PCA 2D: 47.2%, 3D: 55.1%)
  Layer 9/24 done (PCA 2D: 52.0%, 3D: 59.2%)
  Layer 10/24 done (PCA 2D: 57.0%, 3D: 63.2%)
  Layer 11/24 done (PCA 2D: 60.6%, 3D: 66.5%)
  Layer 12/24 done (PCA 2D: 57.9%, 3D: 63.2%)
  Layer 13/24 done (PCA 2D: 58.4%, 3D: 62.9%)
  Layer 14/24 done (PCA 2D: 56.8%, 3D: 61.3%)
  Layer 15/24 done (PCA 2D: 56.9%, 3D: 61.7%)
  Layer 16/24 done (PCA 2D: 61.0%, 3D: 65.6%)
  Layer 17/24 done (PCA 2D: 59.0%, 3D: 64.3%)
  Layer 18/24 done (PCA 2D: 60.4%, 3D: 66.0%)
  Layer 19/24 done (PCA 2D: 56.2%, 3D: 63.4%)
  Layer 20/24 done (PCA 2D: 52.9%, 3D: 60.1%)
  Layer 21/24 done (PCA 2D: 52.8%, 3D: 59.2%)
  Layer 22/24 done (PCA 2D: 44.0%, 3D: 50.0%)
  Layer 23/24 done (PCA 2D: 36.2%, 3D: 41.6%)
  Layer 24/24 done (PCA 2D: 26.2%, 3D: 31.5%)
Saved projections to ../../dashboard/public/data/projections_bible_table1_xlmr_large.json
Job Finished Successfully!
