CUDA OK: NVIDIA H100 NVL
============================================
  MEXA Table 1 (116 langs) — XLM-RoBERTa large
  Model:   FacebookAI/xlm-roberta-large
  Dataset: FLORES-200 (116 langs, 2000 sents)
  Pooling: max + mean
============================================
1. Extracting Embeddings...
Using device: cuda
2. Computing MEXA alignments...
3. Formatting Results for the Dashboard...

==================================================
  scores — FacebookAI/xlm-roberta-large
  Languages evaluated: 110
  µ_Max  = 0.5877
  µ_Mean = 0.3534
==================================================

Saved to ../../dashboard/public/data/flores_table1_2000_xlmr_large_results.csv
4. Computing 2D Projections...
Loading embeddings from ./embeddings...
Loaded 110 languages, 25 layers
Computing projections (2D + 3D)...
  Layer 0/24 done (PCA 2D: 33.6%, 3D: 42.9%)
  Layer 1/24 done (PCA 2D: 32.3%, 3D: 39.4%)
  Layer 2/24 done (PCA 2D: 33.6%, 3D: 40.4%)
  Layer 3/24 done (PCA 2D: 33.2%, 3D: 41.2%)
  Layer 4/24 done (PCA 2D: 32.9%, 3D: 40.6%)
  Layer 5/24 done (PCA 2D: 35.7%, 3D: 43.7%)
  Layer 6/24 done (PCA 2D: 38.0%, 3D: 45.6%)
  Layer 7/24 done (PCA 2D: 42.9%, 3D: 50.7%)
  Layer 8/24 done (PCA 2D: 49.6%, 3D: 56.8%)
  Layer 9/24 done (PCA 2D: 54.5%, 3D: 61.2%)
  Layer 10/24 done (PCA 2D: 58.5%, 3D: 64.6%)
  Layer 11/24 done (PCA 2D: 61.0%, 3D: 67.2%)
  Layer 12/24 done (PCA 2D: 56.6%, 3D: 62.0%)
  Layer 13/24 done (PCA 2D: 55.8%, 3D: 60.7%)
  Layer 14/24 done (PCA 2D: 53.7%, 3D: 58.5%)
  Layer 15/24 done (PCA 2D: 54.3%, 3D: 59.2%)
  Layer 16/24 done (PCA 2D: 59.2%, 3D: 64.1%)
  Layer 17/24 done (PCA 2D: 56.6%, 3D: 63.1%)
  Layer 18/24 done (PCA 2D: 59.6%, 3D: 65.1%)
  Layer 19/24 done (PCA 2D: 55.4%, 3D: 62.0%)
  Layer 20/24 done (PCA 2D: 52.7%, 3D: 58.9%)
  Layer 21/24 done (PCA 2D: 53.2%, 3D: 58.6%)
  Layer 22/24 done (PCA 2D: 43.9%, 3D: 49.8%)
  Layer 23/24 done (PCA 2D: 36.4%, 3D: 41.2%)
  Layer 24/24 done (PCA 2D: 27.6%, 3D: 32.7%)
Saved projections to ../../dashboard/public/data/projections_flores_table1_2000_xlmr_large.json
Job Finished Successfully!
