CUDA OK: NVIDIA H100 NVL
============================================
  MEXA Table 1 (116 langs, 100 sents) — XLM-RoBERTa large
  Model:   FacebookAI/xlm-roberta-large
============================================
1. Extracting Embeddings...
Using device: cuda
2. Computing MEXA alignments...
3. Formatting Results for the Dashboard...

==================================================
  scores — FacebookAI/xlm-roberta-large
  Languages evaluated: 110
  µ_Max  = 0.6474
  µ_Mean = 0.4308
==================================================

Saved to ../../dashboard/public/data/flores_table1_100_xlmr_large_results.csv
4. Computing 2D Projections...
Loading embeddings from ./embeddings...
Loaded 110 languages, 25 layers
Computing projections (2D + 3D)...
  Layer 0/24 done (PCA 2D: 33.8%, 3D: 43.3%)
  Layer 1/24 done (PCA 2D: 32.2%, 3D: 39.4%)
  Layer 2/24 done (PCA 2D: 33.4%, 3D: 40.3%)
  Layer 3/24 done (PCA 2D: 32.9%, 3D: 41.2%)
  Layer 4/24 done (PCA 2D: 32.8%, 3D: 40.7%)
  Layer 5/24 done (PCA 2D: 35.7%, 3D: 43.9%)
  Layer 6/24 done (PCA 2D: 38.0%, 3D: 45.7%)
  Layer 7/24 done (PCA 2D: 42.8%, 3D: 50.8%)
  Layer 8/24 done (PCA 2D: 49.3%, 3D: 56.7%)
  Layer 9/24 done (PCA 2D: 54.0%, 3D: 60.9%)
  Layer 10/24 done (PCA 2D: 57.8%, 3D: 64.1%)
  Layer 11/24 done (PCA 2D: 60.1%, 3D: 66.4%)
  Layer 12/24 done (PCA 2D: 56.2%, 3D: 61.7%)
  Layer 13/24 done (PCA 2D: 55.6%, 3D: 60.6%)
  Layer 14/24 done (PCA 2D: 53.6%, 3D: 58.4%)
  Layer 15/24 done (PCA 2D: 54.2%, 3D: 59.2%)
  Layer 16/24 done (PCA 2D: 59.2%, 3D: 64.1%)
  Layer 17/24 done (PCA 2D: 56.4%, 3D: 62.9%)
  Layer 18/24 done (PCA 2D: 59.2%, 3D: 64.6%)
  Layer 19/24 done (PCA 2D: 55.0%, 3D: 61.5%)
  Layer 20/24 done (PCA 2D: 52.4%, 3D: 58.8%)
  Layer 21/24 done (PCA 2D: 53.2%, 3D: 58.6%)
  Layer 22/24 done (PCA 2D: 44.0%, 3D: 49.9%)
  Layer 23/24 done (PCA 2D: 36.2%, 3D: 41.1%)
  Layer 24/24 done (PCA 2D: 27.4%, 3D: 32.4%)
Saved projections to ../../dashboard/public/data/projections_flores_table1_100_xlmr_large.json
Job Finished Successfully!
