CUDA OK: NVIDIA H200 NVL
============================================
  MEXA Bible Table 1 (101 langs, sPBC) — multilingual-e5-base
  Model:   intfloat/multilingual-e5-base
============================================
1. Extracting Embeddings...
Using device: cuda
2. Computing MEXA alignments...
3. Formatting Results for the Dashboard...

==================================================
  scores — intfloat/multilingual-e5-base
  Languages evaluated: 101
  µ_Max  = 0.8960
  µ_Mean = 0.3237
==================================================

Saved to ../../dashboard/public/data/bible_table1_me5_base_results.csv
4. Computing 2D Projections...
Loading embeddings from ./embeddings...
Loaded 101 languages, 13 layers
Computing projections (2D + 3D)...
  Layer 0/12 done (PCA 2D: 32.5%, 3D: 40.8%)
  Layer 1/12 done (PCA 2D: 33.5%, 3D: 40.4%)
  Layer 2/12 done (PCA 2D: 35.8%, 3D: 42.8%)
  Layer 3/12 done (PCA 2D: 39.7%, 3D: 47.1%)
  Layer 4/12 done (PCA 2D: 39.9%, 3D: 47.6%)
  Layer 5/12 done (PCA 2D: 39.5%, 3D: 47.9%)
  Layer 6/12 done (PCA 2D: 36.3%, 3D: 45.3%)
  Layer 7/12 done (PCA 2D: 37.3%, 3D: 46.7%)
  Layer 8/12 done (PCA 2D: 35.0%, 3D: 44.7%)
  Layer 9/12 done (PCA 2D: 36.9%, 3D: 46.5%)
  Layer 10/12 done (PCA 2D: 33.2%, 3D: 43.6%)
  Layer 11/12 done (PCA 2D: 29.3%, 3D: 39.8%)
  Layer 12/12 done (PCA 2D: 27.4%, 3D: 35.0%)
Saved projections to ../../dashboard/public/data/projections_bible_table1_me5_base.json
Job Finished Successfully!
