============================================
  MEXA Bible Full (all langs) — XLM-RoBERTa large
  Model:   FacebookAI/xlm-roberta-large
============================================
1. Extracting Embeddings...
Using device: cuda
2. Computing MEXA alignments...
3. Formatting Results for the Dashboard...

==================================================
  scores — FacebookAI/xlm-roberta-large
  Languages evaluated: 1401
  µ_Max  = 0.0521
  µ_Mean = 0.0222
==================================================

Saved to ../../dashboard/public/data/bible_xlmr_large_results.csv
4. Computing 2D Projections...
Loading embeddings from ./embeddings...
Loaded 1401 languages, 25 layers
Computing projections (2D + 3D)...
  Layer 0/24 done (PCA 2D: 31.6%, 3D: 40.6%)
  Layer 1/24 done (PCA 2D: 31.1%, 3D: 36.7%)
  Layer 2/24 done (PCA 2D: 28.3%, 3D: 33.9%)
  Layer 3/24 done (PCA 2D: 27.0%, 3D: 32.3%)
  Layer 4/24 done (PCA 2D: 27.8%, 3D: 33.6%)
  Layer 5/24 done (PCA 2D: 28.8%, 3D: 34.3%)
  Layer 6/24 done (PCA 2D: 30.5%, 3D: 36.4%)
  Layer 7/24 done (PCA 2D: 33.2%, 3D: 38.7%)
  Layer 8/24 done (PCA 2D: 36.3%, 3D: 41.9%)
  Layer 9/24 done (PCA 2D: 39.1%, 3D: 44.3%)
  Layer 10/24 done (PCA 2D: 41.8%, 3D: 47.0%)
  Layer 11/24 done (PCA 2D: 45.9%, 3D: 50.7%)
  Layer 12/24 done (PCA 2D: 45.0%, 3D: 49.9%)
  Layer 13/24 done (PCA 2D: 47.2%, 3D: 53.7%)
  Layer 14/24 done (PCA 2D: 48.1%, 3D: 54.1%)
  Layer 15/24 done (PCA 2D: 48.4%, 3D: 54.1%)
  Layer 16/24 done (PCA 2D: 49.5%, 3D: 55.3%)
  Layer 17/24 done (PCA 2D: 47.1%, 3D: 53.2%)
  Layer 18/24 done (PCA 2D: 48.0%, 3D: 54.6%)
  Layer 19/24 done (PCA 2D: 47.9%, 3D: 53.7%)
  Layer 20/24 done (PCA 2D: 45.1%, 3D: 50.9%)
  Layer 21/24 done (PCA 2D: 46.5%, 3D: 52.3%)
  Layer 22/24 done (PCA 2D: 39.1%, 3D: 46.3%)
  Layer 23/24 done (PCA 2D: 32.5%, 3D: 40.4%)
  Layer 24/24 done (PCA 2D: 24.5%, 3D: 31.5%)
Saved projections to ../../dashboard/public/data/projections_bible_xlmr_large.json
Job Finished Successfully!
