CUDA OK: NVIDIA H200 NVL
============================================
  MEXA Table 1 (116 langs) — XLM-RoBERTa base
  Model:   FacebookAI/xlm-roberta-base
  Dataset: FLORES-200 (116 langs, 2000 sents)
  Pooling: max + mean
============================================
1. Extracting Embeddings...
Using device: cuda
2. Computing MEXA alignments...
3. Formatting Results for the Dashboard...

==================================================
  scores — FacebookAI/xlm-roberta-base
  Languages evaluated: 110
  µ_Max  = 0.4636
  µ_Mean = 0.2939
==================================================

Saved to ../../dashboard/public/data/flores_table1_2000_xlmr_base_results.csv
4. Computing 2D Projections...
Loading embeddings from ./embeddings...
Loaded 110 languages, 13 layers
Computing projections (2D + 3D)...
  Layer 0/12 done (PCA 2D: 31.0%, 3D: 38.3%)
  Layer 1/12 done (PCA 2D: 36.5%, 3D: 42.9%)
  Layer 2/12 done (PCA 2D: 41.7%, 3D: 48.2%)
  Layer 3/12 done (PCA 2D: 46.0%, 3D: 53.7%)
  Layer 4/12 done (PCA 2D: 50.7%, 3D: 59.1%)
  Layer 5/12 done (PCA 2D: 53.4%, 3D: 61.8%)
  Layer 6/12 done (PCA 2D: 50.8%, 3D: 58.9%)
  Layer 7/12 done (PCA 2D: 53.4%, 3D: 61.3%)
  Layer 8/12 done (PCA 2D: 55.5%, 3D: 63.0%)
  Layer 9/12 done (PCA 2D: 57.2%, 3D: 65.6%)
  Layer 10/12 done (PCA 2D: 51.4%, 3D: 57.7%)
  Layer 11/12 done (PCA 2D: 49.5%, 3D: 54.9%)
  Layer 12/12 done (PCA 2D: 40.4%, 3D: 46.1%)
Saved projections to ../../dashboard/public/data/projections_flores_table1_2000_xlmr_base.json
Job Finished Successfully!
