CUDA OK: NVIDIA H100 NVL
============================================
  MEXA FLORES Full (204 langs, 2000 sents) — multilingual-e5-base
  Model:   intfloat/multilingual-e5-base
============================================
1. Extracting Embeddings...
Using device: cuda
2. Computing MEXA alignments...
3. Formatting Results for the Dashboard...

==================================================
  scores — intfloat/multilingual-e5-base
  Languages evaluated: 204
  µ_Max  = 0.8768
  µ_Mean = 0.3740
==================================================

Saved to ../../dashboard/public/data/full_flores_me5_base_results.csv
4. Computing 2D Projections...
Loading embeddings from ./embeddings...
Loaded 204 languages, 13 layers
Computing projections (2D + 3D)...
  Layer 0/12 done (PCA 2D: 32.8%, 3D: 41.7%)
  Layer 1/12 done (PCA 2D: 31.8%, 3D: 38.7%)
  Layer 2/12 done (PCA 2D: 32.6%, 3D: 40.6%)
  Layer 3/12 done (PCA 2D: 37.9%, 3D: 46.0%)
  Layer 4/12 done (PCA 2D: 38.5%, 3D: 46.3%)
  Layer 5/12 done (PCA 2D: 39.0%, 3D: 46.8%)
  Layer 6/12 done (PCA 2D: 38.0%, 3D: 45.8%)
  Layer 7/12 done (PCA 2D: 44.1%, 3D: 51.4%)
  Layer 8/12 done (PCA 2D: 43.6%, 3D: 50.6%)
  Layer 9/12 done (PCA 2D: 47.5%, 3D: 54.5%)
  Layer 10/12 done (PCA 2D: 46.6%, 3D: 53.4%)
  Layer 11/12 done (PCA 2D: 40.5%, 3D: 51.6%)
  Layer 12/12 done (PCA 2D: 26.1%, 3D: 35.2%)
Saved projections to ../../dashboard/public/data/projections_full_flores_me5_base.json
Job Finished Successfully!
