CUDA OK: NVIDIA H100 NVL
============================================
  MEXA Table 1 (116 langs) — LaBSE
  Model:   sentence-transformers/LaBSE
  Dataset: FLORES-200 (116 langs, 2000 sents)
  Pooling: max + mean
============================================
1. Extracting Embeddings...
Using device: cuda
2. Computing MEXA alignments...
3. Formatting Results for the Dashboard...

==================================================
  scores — sentence-transformers/LaBSE
  Languages evaluated: 110
  µ_Max  = 0.9141
  µ_Mean = 0.6683
==================================================

Saved to ../../dashboard/public/data/flores_table1_2000_labse_results.csv
4. Computing 2D Projections...
Loading embeddings from ./embeddings...
Loaded 110 languages, 13 layers
Computing projections (2D + 3D)...
  Layer 0/12 done (PCA 2D: 27.7%, 3D: 34.1%)
  Layer 1/12 done (PCA 2D: 29.1%, 3D: 35.2%)
  Layer 2/12 done (PCA 2D: 34.8%, 3D: 41.2%)
  Layer 3/12 done (PCA 2D: 35.0%, 3D: 41.3%)
  Layer 4/12 done (PCA 2D: 41.1%, 3D: 47.7%)
  Layer 5/12 done (PCA 2D: 47.6%, 3D: 55.2%)
  Layer 6/12 done (PCA 2D: 51.4%, 3D: 58.2%)
  Layer 7/12 done (PCA 2D: 57.8%, 3D: 64.2%)
  Layer 8/12 done (PCA 2D: 64.8%, 3D: 70.3%)
  Layer 9/12 done (PCA 2D: 72.9%, 3D: 77.5%)
  Layer 10/12 done (PCA 2D: 79.6%, 3D: 82.6%)
  Layer 11/12 done (PCA 2D: 88.4%, 3D: 90.1%)
  Layer 12/12 done (PCA 2D: 83.9%, 3D: 86.3%)
Saved projections to ../../dashboard/public/data/projections_flores_table1_2000_labse.json
Job Finished Successfully!
