CUDA OK: NVIDIA H200 NVL
============================================
  MEXA FLORES Full (204 langs, 2000 sents) — XLM-RoBERTa base
  Model:   FacebookAI/xlm-roberta-base
============================================
1. Extracting Embeddings...
Using device: cuda
2. Computing MEXA alignments...
3. Formatting Results for the Dashboard...

==================================================
  scores — FacebookAI/xlm-roberta-base
  Languages evaluated: 204
  µ_Max  = 0.3214
  µ_Mean = 0.2003
==================================================

Saved to ../../dashboard/public/data/full_flores_xlmr_base_results.csv
4. Computing 2D Projections...
Loading embeddings from ./embeddings...
Loaded 204 languages, 13 layers
Computing projections (2D + 3D)...
  Layer 0/12 done (PCA 2D: 33.5%, 3D: 42.9%)
  Layer 1/12 done (PCA 2D: 35.5%, 3D: 44.0%)
  Layer 2/12 done (PCA 2D: 37.4%, 3D: 49.2%)
  Layer 3/12 done (PCA 2D: 42.6%, 3D: 53.6%)
  Layer 4/12 done (PCA 2D: 49.2%, 3D: 58.8%)
  Layer 5/12 done (PCA 2D: 52.4%, 3D: 61.3%)
  Layer 6/12 done (PCA 2D: 50.6%, 3D: 59.7%)
  Layer 7/12 done (PCA 2D: 52.5%, 3D: 62.1%)
  Layer 8/12 done (PCA 2D: 55.3%, 3D: 63.5%)
  Layer 9/12 done (PCA 2D: 58.1%, 3D: 65.7%)
  Layer 10/12 done (PCA 2D: 53.9%, 3D: 60.4%)
  Layer 11/12 done (PCA 2D: 51.6%, 3D: 57.9%)
  Layer 12/12 done (PCA 2D: 43.3%, 3D: 48.8%)
Saved projections to ../../dashboard/public/data/projections_full_flores_xlmr_base.json
Job Finished Successfully!
